// Jest Snapshot v1, https://goo.gl/fbAQLP

exports[`Components/Header Should render correctly 1`] = `
.c0 {
  width: 100vw;
  padding: 20px 40px;
  display: -webkit-box;
  display: -webkit-flex;
  display: -ms-flexbox;
  display: flex;
  -webkit-flex-flow: row;
  -ms-flex-flow: row;
  flex-flow: row;
  -webkit-box-pack: justify;
  -webkit-justify-content: space-between;
  -ms-flex-pack: justify;
  justify-content: space-between;
  -webkit-align-items: center;
  -webkit-box-align: center;
  -ms-flex-align: center;
  align-items: center;
}

.c1 svg {
  width: 50px;
}

<div>
  <header
    class="c0"
  >
    <a
      href="/"
    >
      <span
        class="c1"
      >
        <svg
          preserveAspectRatio="xMidYMid meet"
          viewBox="0 0 512.000000 512.000000"
        >
          <title>
            common:logoTitle
          </title>
          <g
            fill="#ffffff"
            stroke="none"
            transform="translate(0.000000,512.000000) scale(0.100000,-0.100000)"
          >
            <path
              d="M2317 2573 c-219 -1050 -397 -1914 -397 -1920 0 -10 55 -13 243 -13 l243 0 397 1908 c219 1049 397 1913 397 1920 0 9 -55 12 -243 12 l-243 0 -397 -1907z"
            />
            <path
              d="M635 3200 l-640 -640 640 -640 640 -640 325 0 325 0 -640 640 -640 640 640 640 640 640 -325 0 -325 0 -640 -640z"
            />
            <path
              d="M3835 3200 l640 -640 -640 -640 -640 -640 325 0 325 0 640 640 640 640 -640 640 -640 640 -325 0 -325 0 640 -640z"
            />
          </g>
        </svg>
      </span>
    </a>
    <nav>
      Navigation!
    </nav>
  </header>
</div>
`;
